PageRank preserve curriculum fast run started: Sun 21 Jun 2026 12:39:25 PM CST
Device: 0
Python: /root/miniconda3/envs/graphmae/bin/python
Small seeds: 0 1 2 3 4 5
Medium seeds: 0 1 2
PageRank preserve mask ratio: 0.15
PageRank preserve mask steps: 5
PageRank preserve power: 1.0
PageRank iters: 20
PageRank damping: 0.85
Skipped: NCI1 COLLAB REDDIT-BINARY
Logs: logs/preserve_sweep_r015_p05_p10/ratio_0p15_power_1p0

OK   node_citeseer_pagerank_preserve_curriculum  logs/preserve_sweep_r015_p05_p10/ratio_0p15_power_1p0/node_citeseer_pagerank_preserve_curriculum.log
# final_acc: 0.7338±0.0021
# early-stopping_acc: 0.7310±0.0059
real 80.82
user 79.39
sys 3.70

OK   node_cora_pagerank_preserve_curriculum  logs/preserve_sweep_r015_p05_p10/ratio_0p15_power_1p0/node_cora_pagerank_preserve_curriculum.log
# final_acc: 0.8423±0.0050
# early-stopping_acc: 0.8300±0.0114
real 392.72
user 387.75
sys 5.18

OK   node_pubmed_pagerank_preserve_curriculum  logs/preserve_sweep_r015_p05_p10/ratio_0p15_power_1p0/node_pubmed_pagerank_preserve_curriculum.log
# final_acc: 0.8130±0.0054
# early-stopping_acc: 0.8083±0.0012
real 280.67
user 279.61
sys 4.03

OK   graph_MUTAG_pagerank_preserve_curriculum  logs/preserve_sweep_r015_p05_p10/ratio_0p15_power_1p0/graph_MUTAG_pagerank_preserve_curriculum.log
#Test_f1: 0.8240±0.0434
#Test_f1: 0.8462±0.0486
#Test_f1: 0.8778±0.0576
#Test_f1: 0.8725±0.0628
#Test_f1: 0.8988±0.0439
#Test_f1: 0.8567±0.0702
# final_acc: 0.8627±0.0239
real 32.64
user 113.08
sys 3.49

OK   graph_IMDB_BINARY_pagerank_preserve_curriculum  logs/preserve_sweep_r015_p05_p10/ratio_0p15_power_1p0/graph_IMDB_BINARY_pagerank_preserve_curriculum.log
#Test_f1: 0.7550±0.0353
#Test_f1: 0.7520±0.0227
#Test_f1: 0.7480±0.0337
#Test_f1: 0.7600±0.0268
#Test_f1: 0.7580±0.0286
#Test_f1: 0.7410±0.0305
# final_acc: 0.7523±0.0064
real 507.69
user 2173.08
sys 7.40

OK   graph_IMDB_MULTI_pagerank_preserve_curriculum  logs/preserve_sweep_r015_p05_p10/ratio_0p15_power_1p0/graph_IMDB_MULTI_pagerank_preserve_curriculum.log
#Test_f1: 0.5173±0.0196
#Test_f1: 0.5140±0.0237
#Test_f1: 0.5187±0.0212
#Test_f1: 0.5147±0.0190
#Test_f1: 0.5260±0.0257
#Test_f1: 0.5200±0.0265
# final_acc: 0.5184±0.0040
real 909.46
user 3171.37
sys 6.53

OK   graph_PROTEINS_pagerank_preserve_curriculum  logs/preserve_sweep_r015_p05_p10/ratio_0p15_power_1p0/graph_PROTEINS_pagerank_preserve_curriculum.log
#Test_f1: 0.7547±0.0423
#Test_f1: 0.7520±0.0534
#Test_f1: 0.7502±0.0512
#Test_f1: 0.7376±0.0577
#Test_f1: 0.7592±0.0435
#Test_f1: 0.7484±0.0401
# final_acc: 0.7504±0.0067
real 980.86
user 4415.43
sys 8.51

PageRank preserve curriculum fast run finished: Sun 21 Jun 2026 01:32:30 PM CST
