Watchdog started: Sat Jun 20 03:05:22 CST 2026
Log dir: logs/overnight_20260620_030128
PID file: logs/overnight_current.pid
[Sat Jun 20 03:05:22 CST 2026] runner=running pid=357880
current=358106 /home/xsj/miniconda3/envs/graphmae/bin/python main_graph.py --dataset IMDB-BINARY --device 0 --use_cfg --seeds 0 1 2 3 4
#Test_f1: 0.8778±0.0470
#Test_f1: 0.8830±0.0612
#Test_f1: 0.8988±0.0439
#Test_f1: 0.8936±0.0527
# final_acc: 0.8829±0.0132
real 16.69
user 51.72
sys 6.11

[Sat Jun 20 03:06:22 CST 2026] runner=running pid=357880
current=360953 /home/xsj/miniconda3/envs/graphmae/bin/python main_graph.py --dataset IMDB-MULTI --device 0 --use_cfg --seeds 0 1 2 3 4
#Test_f1: 0.7530±0.0290
#Test_f1: 0.7490±0.0207
#Test_f1: 0.7500±0.0190
#Test_f1: 0.7550±0.0301
# final_acc: 0.7512±0.0024
real 271.36
user 1488.74
sys 27.66

[Sat Jun 20 03:07:22 CST 2026] runner=running pid=357880
current=360953 /home/xsj/miniconda3/envs/graphmae/bin/python main_graph.py --dataset IMDB-MULTI --device 0 --use_cfg --seeds 0 1 2 3 4
#Test_f1: 0.7530±0.0290
#Test_f1: 0.7490±0.0207
#Test_f1: 0.7500±0.0190
#Test_f1: 0.7550±0.0301
# final_acc: 0.7512±0.0024
real 271.36
user 1488.74
sys 27.66

[Sat Jun 20 03:08:22 CST 2026] runner=running pid=357880
current=360953 /home/xsj/miniconda3/envs/graphmae/bin/python main_graph.py --dataset IMDB-MULTI --device 0 --use_cfg --seeds 0 1 2 3 4
#Test_f1: 0.7530±0.0290
#Test_f1: 0.7490±0.0207
#Test_f1: 0.7500±0.0190
#Test_f1: 0.7550±0.0301
# final_acc: 0.7512±0.0024
real 271.36
user 1488.74
sys 27.66

[Sat Jun 20 03:09:22 CST 2026] runner=running pid=357880
current=360953 /home/xsj/miniconda3/envs/graphmae/bin/python main_graph.py --dataset IMDB-MULTI --device 0 --use_cfg --seeds 0 1 2 3 4
#Test_f1: 0.7530±0.0290
#Test_f1: 0.7490±0.0207
#Test_f1: 0.7500±0.0190
#Test_f1: 0.7550±0.0301
# final_acc: 0.7512±0.0024
real 271.36
user 1488.74
sys 27.66

[Sat Jun 20 03:10:22 CST 2026] runner=running pid=357880
current=360953 /home/xsj/miniconda3/envs/graphmae/bin/python main_graph.py --dataset IMDB-MULTI --device 0 --use_cfg --seeds 0 1 2 3 4
#Test_f1: 0.7530±0.0290
#Test_f1: 0.7490±0.0207
#Test_f1: 0.7500±0.0190
#Test_f1: 0.7550±0.0301
# final_acc: 0.7512±0.0024
real 271.36
user 1488.74
sys 27.66

[Sat Jun 20 03:11:22 CST 2026] runner=running pid=357880
current=360953 /home/xsj/miniconda3/envs/graphmae/bin/python main_graph.py --dataset IMDB-MULTI --device 0 --use_cfg --seeds 0 1 2 3 4
#Test_f1: 0.7530±0.0290
#Test_f1: 0.7490±0.0207
#Test_f1: 0.7500±0.0190
#Test_f1: 0.7550±0.0301
# final_acc: 0.7512±0.0024
real 271.36
user 1488.74
sys 27.66

[Sat Jun 20 03:12:22 CST 2026] runner=running pid=357880
current=360953 /home/xsj/miniconda3/envs/graphmae/bin/python main_graph.py --dataset IMDB-MULTI --device 0 --use_cfg --seeds 0 1 2 3 4
#Test_f1: 0.7530±0.0290
#Test_f1: 0.7490±0.0207
#Test_f1: 0.7500±0.0190
#Test_f1: 0.7550±0.0301
# final_acc: 0.7512±0.0024
real 271.36
user 1488.74
sys 27.66

[Sat Jun 20 03:13:22 CST 2026] runner=running pid=357880
current=363156 /home/xsj/miniconda3/envs/graphmae/bin/python main_graph.py --dataset PROTEINS --device 0 --use_cfg --seeds 0 1 2 3 4
#Test_f1: 0.5173±0.0309
#Test_f1: 0.5160±0.0211
#Test_f1: 0.5273±0.0271
#Test_f1: 0.5140±0.0280
# final_acc: 0.5164±0.0065
real 410.66
user 1941.54
sys 31.19

[Sat Jun 20 03:14:22 CST 2026] runner=running pid=357880
current=363156 /home/xsj/miniconda3/envs/graphmae/bin/python main_graph.py --dataset PROTEINS --device 0 --use_cfg --seeds 0 1 2 3 4
#Test_f1: 0.5173±0.0309
#Test_f1: 0.5160±0.0211
#Test_f1: 0.5273±0.0271
#Test_f1: 0.5140±0.0280
# final_acc: 0.5164±0.0065
real 410.66
user 1941.54
sys 31.19

[Sat Jun 20 03:15:22 CST 2026] runner=running pid=357880
current=363156 /home/xsj/miniconda3/envs/graphmae/bin/python main_graph.py --dataset PROTEINS --device 0 --use_cfg --seeds 0 1 2 3 4
#Test_f1: 0.5173±0.0309
#Test_f1: 0.5160±0.0211
#Test_f1: 0.5273±0.0271
#Test_f1: 0.5140±0.0280
# final_acc: 0.5164±0.0065
real 410.66
user 1941.54
sys 31.19

[Sat Jun 20 03:16:22 CST 2026] runner=running pid=357880
current=363156 /home/xsj/miniconda3/envs/graphmae/bin/python main_graph.py --dataset PROTEINS --device 0 --use_cfg --seeds 0 1 2 3 4
#Test_f1: 0.5173±0.0309
#Test_f1: 0.5160±0.0211
#Test_f1: 0.5273±0.0271
#Test_f1: 0.5140±0.0280
# final_acc: 0.5164±0.0065
real 410.66
user 1941.54
sys 31.19

[Sat Jun 20 03:17:22 CST 2026] runner=running pid=357880
current=363156 /home/xsj/miniconda3/envs/graphmae/bin/python main_graph.py --dataset PROTEINS --device 0 --use_cfg --seeds 0 1 2 3 4
#Test_f1: 0.5173±0.0309
#Test_f1: 0.5160±0.0211
#Test_f1: 0.5273±0.0271
#Test_f1: 0.5140±0.0280
# final_acc: 0.5164±0.0065
real 410.66
user 1941.54
sys 31.19

[Sat Jun 20 03:18:22 CST 2026] runner=running pid=357880
current=363156 /home/xsj/miniconda3/envs/graphmae/bin/python main_graph.py --dataset PROTEINS --device 0 --use_cfg --seeds 0 1 2 3 4
#Test_f1: 0.5173±0.0309
#Test_f1: 0.5160±0.0211
#Test_f1: 0.5273±0.0271
#Test_f1: 0.5140±0.0280
# final_acc: 0.5164±0.0065
real 410.66
user 1941.54
sys 31.19

[Sat Jun 20 03:19:22 CST 2026] runner=running pid=357880
current=364439 /home/xsj/miniconda3/envs/graphmae/bin/python main_transductive.py --dataset citeseer --device 0 --use_cfg --seeds 0 1 2 3 4 5 6 7 8 9 10 11 12 13 14 15 16 17 18 19
#Test_f1: 0.7574±0.0479
#Test_f1: 0.7547±0.0492
#Test_f1: 0.7448±0.0421
#Test_f1: 0.7546±0.0525
# final_acc: 0.7523±0.0044
real 368.64
user 2814.50
sys 42.82

[Sat Jun 20 03:20:23 CST 2026] runner=running pid=357880
current=364439 /home/xsj/miniconda3/envs/graphmae/bin/python main_transductive.py --dataset citeseer --device 0 --use_cfg --seeds 0 1 2 3 4 5 6 7 8 9 10 11 12 13 14 15 16 17 18 19
#Test_f1: 0.7574±0.0479
#Test_f1: 0.7547±0.0492
#Test_f1: 0.7448±0.0421
#Test_f1: 0.7546±0.0525
# final_acc: 0.7523±0.0044
real 368.64
user 2814.50
sys 42.82

[Sat Jun 20 03:21:23 CST 2026] runner=running pid=357880
current=364439 /home/xsj/miniconda3/envs/graphmae/bin/python main_transductive.py --dataset citeseer --device 0 --use_cfg --seeds 0 1 2 3 4 5 6 7 8 9 10 11 12 13 14 15 16 17 18 19
#Test_f1: 0.7574±0.0479
#Test_f1: 0.7547±0.0492
#Test_f1: 0.7448±0.0421
#Test_f1: 0.7546±0.0525
# final_acc: 0.7523±0.0044
real 368.64
user 2814.50
sys 42.82

[Sat Jun 20 03:22:23 CST 2026] runner=running pid=357880
current=364439 /home/xsj/miniconda3/envs/graphmae/bin/python main_transductive.py --dataset citeseer --device 0 --use_cfg --seeds 0 1 2 3 4 5 6 7 8 9 10 11 12 13 14 15 16 17 18 19
#Test_f1: 0.7574±0.0479
#Test_f1: 0.7547±0.0492
#Test_f1: 0.7448±0.0421
#Test_f1: 0.7546±0.0525
# final_acc: 0.7523±0.0044
real 368.64
user 2814.50
sys 42.82

[Sat Jun 20 03:23:23 CST 2026] runner=running pid=357880
current=365313 /home/xsj/miniconda3/envs/graphmae/bin/python main_transductive.py --dataset cora --device 0 --use_cfg --seeds 0 1 2 3 4 5 6 7 8 9 10 11 12 13 14 15 16 17 18 19
sys 42.82

OK   node_citeseer  /home/xsj/GraphMAE/logs/overnight_20260620_030128/node_citeseer.log
# final_acc: 0.7306±0.0044
# early-stopping_acc: 0.7293±0.0047
real 243.72
user 229.38
sys 17.34

[Sat Jun 20 03:24:23 CST 2026] runner=running pid=357880
current=365313 /home/xsj/miniconda3/envs/graphmae/bin/python main_transductive.py --dataset cora --device 0 --use_cfg --seeds 0 1 2 3 4 5 6 7 8 9 10 11 12 13 14 15 16 17 18 19
sys 42.82

OK   node_citeseer  /home/xsj/GraphMAE/logs/overnight_20260620_030128/node_citeseer.log
# final_acc: 0.7306±0.0044
# early-stopping_acc: 0.7293±0.0047
real 243.72
user 229.38
sys 17.34

[Sat Jun 20 03:25:23 CST 2026] runner=running pid=357880
current=365313 /home/xsj/miniconda3/envs/graphmae/bin/python main_transductive.py --dataset cora --device 0 --use_cfg --seeds 0 1 2 3 4 5 6 7 8 9 10 11 12 13 14 15 16 17 18 19
sys 42.82

OK   node_citeseer  /home/xsj/GraphMAE/logs/overnight_20260620_030128/node_citeseer.log
# final_acc: 0.7306±0.0044
# early-stopping_acc: 0.7293±0.0047
real 243.72
user 229.38
sys 17.34

[Sat Jun 20 03:26:23 CST 2026] runner=running pid=357880
current=365313 /home/xsj/miniconda3/envs/graphmae/bin/python main_transductive.py --dataset cora --device 0 --use_cfg --seeds 0 1 2 3 4 5 6 7 8 9 10 11 12 13 14 15 16 17 18 19
sys 42.82

OK   node_citeseer  /home/xsj/GraphMAE/logs/overnight_20260620_030128/node_citeseer.log
# final_acc: 0.7306±0.0044
# early-stopping_acc: 0.7293±0.0047
real 243.72
user 229.38
sys 17.34

[Sat Jun 20 03:27:23 CST 2026] runner=running pid=357880
current=365313 /home/xsj/miniconda3/envs/graphmae/bin/python main_transductive.py --dataset cora --device 0 --use_cfg --seeds 0 1 2 3 4 5 6 7 8 9 10 11 12 13 14 15 16 17 18 19
sys 42.82

OK   node_citeseer  /home/xsj/GraphMAE/logs/overnight_20260620_030128/node_citeseer.log
# final_acc: 0.7306±0.0044
# early-stopping_acc: 0.7293±0.0047
real 243.72
user 229.38
sys 17.34

[Sat Jun 20 03:28:23 CST 2026] runner=running pid=357880
current=365313 /home/xsj/miniconda3/envs/graphmae/bin/python main_transductive.py --dataset cora --device 0 --use_cfg --seeds 0 1 2 3 4 5 6 7 8 9 10 11 12 13 14 15 16 17 18 19
sys 42.82

OK   node_citeseer  /home/xsj/GraphMAE/logs/overnight_20260620_030128/node_citeseer.log
# final_acc: 0.7306±0.0044
# early-stopping_acc: 0.7293±0.0047
real 243.72
user 229.38
sys 17.34

[Sat Jun 20 03:29:23 CST 2026] runner=running pid=357880
current=365313 /home/xsj/miniconda3/envs/graphmae/bin/python main_transductive.py --dataset cora --device 0 --use_cfg --seeds 0 1 2 3 4 5 6 7 8 9 10 11 12 13 14 15 16 17 18 19
sys 42.82

OK   node_citeseer  /home/xsj/GraphMAE/logs/overnight_20260620_030128/node_citeseer.log
# final_acc: 0.7306±0.0044
# early-stopping_acc: 0.7293±0.0047
real 243.72
user 229.38
sys 17.34

[Sat Jun 20 03:30:23 CST 2026] runner=running pid=357880
current=365313 /home/xsj/miniconda3/envs/graphmae/bin/python main_transductive.py --dataset cora --device 0 --use_cfg --seeds 0 1 2 3 4 5 6 7 8 9 10 11 12 13 14 15 16 17 18 19
sys 42.82

OK   node_citeseer  /home/xsj/GraphMAE/logs/overnight_20260620_030128/node_citeseer.log
# final_acc: 0.7306±0.0044
# early-stopping_acc: 0.7293±0.0047
real 243.72
user 229.38
sys 17.34

[Sat Jun 20 03:31:23 CST 2026] runner=running pid=357880
current=365313 /home/xsj/miniconda3/envs/graphmae/bin/python main_transductive.py --dataset cora --device 0 --use_cfg --seeds 0 1 2 3 4 5 6 7 8 9 10 11 12 13 14 15 16 17 18 19
sys 42.82

OK   node_citeseer  /home/xsj/GraphMAE/logs/overnight_20260620_030128/node_citeseer.log
# final_acc: 0.7306±0.0044
# early-stopping_acc: 0.7293±0.0047
real 243.72
user 229.38
sys 17.34

[Sat Jun 20 03:32:23 CST 2026] runner=running pid=357880
current=365313 /home/xsj/miniconda3/envs/graphmae/bin/python main_transductive.py --dataset cora --device 0 --use_cfg --seeds 0 1 2 3 4 5 6 7 8 9 10 11 12 13 14 15 16 17 18 19
sys 42.82

OK   node_citeseer  /home/xsj/GraphMAE/logs/overnight_20260620_030128/node_citeseer.log
# final_acc: 0.7306±0.0044
# early-stopping_acc: 0.7293±0.0047
real 243.72
user 229.38
sys 17.34

[Sat Jun 20 03:33:23 CST 2026] runner=stopped pid=357880
OK   node_cora  /home/xsj/GraphMAE/logs/overnight_20260620_030128/node_cora.log
# final_acc: 0.8401±0.0043
# early-stopping_acc: 0.8370±0.0083
real 592.94
user 531.82
sys 64.37

Overnight run finished: Sat Jun 20 03:33:12 CST 2026

Watchdog stopped: Sat Jun 20 03:33:23 CST 2026
