PageRank curriculum fast run started: Sat 20 Jun 2026 10:41:38 PM CST
Device: 0
Python: /root/miniconda3/envs/graphmae/bin/python
Small seeds: 0 1 2 3 4 5
Medium seeds: 0 1 2
PageRank mask ratio: 0.25
PageRank mask steps: 5
PageRank iters: 20
PageRank damping: 0.85
Skipped: NCI1 COLLAB REDDIT-BINARY
Logs: /root/GraphMAE/logs/pagerank_curriculum_fast_20260620_224138

OK   node_citeseer_pagerank_curriculum  /root/GraphMAE/logs/pagerank_curriculum_fast_20260620_224138/node_citeseer_pagerank_curriculum.log
# final_acc: 0.7327±0.0014
# early-stopping_acc: 0.7305±0.0056
real 64.86
user 63.51
sys 4.32

OK   node_cora_pagerank_curriculum  /root/GraphMAE/logs/pagerank_curriculum_fast_20260620_224138/node_cora_pagerank_curriculum.log
# final_acc: 0.8420±0.0042
# early-stopping_acc: 0.8292±0.0097
real 282.74
user 280.40
sys 4.67

OK   node_pubmed_pagerank_curriculum  /root/GraphMAE/logs/pagerank_curriculum_fast_20260620_224138/node_pubmed_pagerank_curriculum.log
# final_acc: 0.8123±0.0059
# early-stopping_acc: 0.8070±0.0057
real 138.75
user 137.35
sys 4.04

OK   graph_MUTAG_pagerank_curriculum  /root/GraphMAE/logs/pagerank_curriculum_fast_20260620_224138/graph_MUTAG_pagerank_curriculum.log
#Test_f1: 0.8401±0.0864
#Test_f1: 0.8620±0.0475
#Test_f1: 0.8883±0.0496
#Test_f1: 0.8830±0.0514
#Test_f1: 0.8775±0.0629
#Test_f1: 0.8830±0.0514
# final_acc: 0.8723±0.0166
real 21.12
user 86.29
sys 3.71

OK   graph_IMDB_BINARY_pagerank_curriculum  /root/GraphMAE/logs/pagerank_curriculum_fast_20260620_224138/graph_IMDB_BINARY_pagerank_curriculum.log
#Test_f1: 0.7550±0.0297
#Test_f1: 0.7590±0.0311
#Test_f1: 0.7500±0.0272
#Test_f1: 0.7550±0.0242
#Test_f1: 0.7530±0.0265
#Test_f1: 0.7510±0.0284
# final_acc: 0.7538±0.0030
real 432.33
user 2022.67
sys 8.75

OK   graph_IMDB_MULTI_pagerank_curriculum  /root/GraphMAE/logs/pagerank_curriculum_fast_20260620_224138/graph_IMDB_MULTI_pagerank_curriculum.log
#Test_f1: 0.5007±0.0259
#Test_f1: 0.5093±0.0309
#Test_f1: 0.5153±0.0223
#Test_f1: 0.5120±0.0178
#Test_f1: 0.5300±0.0300
#Test_f1: 0.5060±0.0284
# final_acc: 0.5122±0.0092
real 861.48
user 2986.39
sys 8.44

OK   graph_PROTEINS_pagerank_curriculum  /root/GraphMAE/logs/pagerank_curriculum_fast_20260620_224138/graph_PROTEINS_pagerank_curriculum.log
#Test_f1: 0.7610±0.0369
#Test_f1: 0.7475±0.0401
#Test_f1: 0.7440±0.0504
#Test_f1: 0.7520±0.0565
#Test_f1: 0.7556±0.0454
#Test_f1: 0.7502±0.0497
# final_acc: 0.7517±0.0055
real 658.05
user 3925.70
sys 9.92

PageRank curriculum fast run finished: Sat 20 Jun 2026 11:22:37 PM CST
