START graph_NCI1: Sat 20 Jun 2026 02:17:12 PM CST
COMMAND: /root/miniconda3/envs/graphmae/bin/python main_graph.py --dataset NCI1 --device 0 --use_cfg --pooling sum --seeds 0 1 2 3 4
Traceback (most recent call last):
  File "main_graph.py", line 5, in <module>
    import dgl
  File "/root/miniconda3/envs/graphmae/lib/python3.8/site-packages/dgl/__init__.py", line 16, in <module>
    from .backend import load_backend, backend_name
  File "/root/miniconda3/envs/graphmae/lib/python3.8/site-packages/dgl/backend/__init__.py", line 109, in <module>
    load_backend(get_preferred_backend())
  File "/root/miniconda3/envs/graphmae/lib/python3.8/site-packages/dgl/backend/__init__.py", line 32, in load_backend
    import torch
  File "/root/miniconda3/envs/graphmae/lib/python3.8/site-packages/torch/__init__.py", line 1146, in <module>
    _C._initExtension(manager_path())
  File "<frozen importlib._bootstrap>", line 991, in _find_and_load
  File "<frozen importlib._bootstrap>", line 975, in _find_and_load_unlocked
  File "<frozen importlib._bootstrap>", line 671, in _load_unlocked
  File "<frozen importlib._bootstrap_external>", line 844, in exec_module
  File "<frozen importlib._bootstrap_external>", line 976, in get_code
  File "<frozen importlib._bootstrap_external>", line 640, in _compile_bytecode
KeyboardInterrupt
Command terminated by signal 2
real 0.94
user 0.90
sys 0.87
END graph_NCI1: Sat 20 Jun 2026 02:17:12 PM CST
STATUS 130
