START node_reddit: Sat 20 Jun 2026 02:16:33 PM CST
COMMAND: /root/miniconda3/envs/graphmae/bin/python main_inductive.py --dataset reddit --device 0 --use_cfg --seeds 0 1 2 3 4
2026-06-20 14:16:36,332 - INFO - Using best configs
Namespace(activation='prelu', alpha_l=3, attn_drop=0.1, batch_size=32, concat_hidden=False, dataset='reddit', decoder='gat', deg4feat=False, device=0, drop_edge_rate=0.5, encoder='gat', in_drop=0.2, linear_prob=True, load_model=False, logging=False, loss_fn='sce', lr=0.001, lr_f=0.005, mask_rate=0.75, max_epoch=500, max_epoch_f=500, negative_slope=0.2, norm='layernorm', num_heads=2, num_hidden=512, num_layers=4, num_out_heads=1, optimizer='adam', pooling='mean', replace_rate=0.15, residual=True, save_model=False, scheduler=True, seeds=[0, 1, 2, 3, 4], use_cfg=True, warmup_steps=-1, weight_decay=0.0002, weight_decay_f=0.0)
Downloading /root/.dgl/reddit.zip from https://data.dgl.ai/dataset/reddit.zip...
Downloading /root/.dgl/reddit.zip from https://data.dgl.ai/dataset/reddit.zip...
Traceback (most recent call last):
  File "/root/miniconda3/envs/graphmae/lib/python3.8/site-packages/dgl/utils/internal.py", line 625, in wrapper
    return func(self, *args, **kwargs)
  File "/root/miniconda3/envs/graphmae/lib/python3.8/site-packages/dgl/data/dgl_dataset.py", line 158, in _download
    self.download()
  File "/root/miniconda3/envs/graphmae/lib/python3.8/site-packages/dgl/data/dgl_dataset.py", line 318, in download
    download(self.url, path=zip_file_path)
  File "/root/miniconda3/envs/graphmae/lib/python3.8/site-packages/dgl/data/utils.py", line 153, in download
    f.write(chunk)
KeyboardInterrupt

During handling of the above exception, another exception occurred:

Traceback (most recent call last):
  File "main_inductive.py", line 295, in <module>
    main(args)
  File "main_inductive.py", line 214, in main
    ) = load_inductive_dataset(dataset_name)
  File "/root/GraphMAE/graphmae/datasets/data_util.py", line 106, in load_inductive_dataset
    dataset = load_data(dt)
  File "/root/miniconda3/envs/graphmae/lib/python3.8/site-packages/dgl/data/__init__.py", line 57, in load_data
    return RedditDataset(self_loop=('self-loop' in args.dataset))
  File "/root/miniconda3/envs/graphmae/lib/python3.8/site-packages/dgl/data/reddit.py", line 139, in __init__
    super(RedditDataset, self).__init__(name='reddit{}'.format(self_loop_str),
  File "/root/miniconda3/envs/graphmae/lib/python3.8/site-packages/dgl/data/dgl_dataset.py", line 304, in __init__
    super(DGLBuiltinDataset, self).__init__(name,
  File "/root/miniconda3/envs/graphmae/lib/python3.8/site-packages/dgl/data/dgl_dataset.py", line 99, in __init__
    self._load()
  File "/root/miniconda3/envs/graphmae/lib/python3.8/site-packages/dgl/data/dgl_dataset.py", line 190, in _load
    self._download()
  File "/root/miniconda3/envs/graphmae/lib/python3.8/site-packages/dgl/utils/internal.py", line 628, in wrapper
    return func(self, *args, **kwargs)
  File "/root/miniconda3/envs/graphmae/lib/python3.8/site-packages/dgl/data/dgl_dataset.py", line 158, in _download
    self.download()
  File "/root/miniconda3/envs/graphmae/lib/python3.8/site-packages/dgl/data/dgl_dataset.py", line 318, in download
    download(self.url, path=zip_file_path)
  File "/root/miniconda3/envs/graphmae/lib/python3.8/site-packages/dgl/data/utils.py", line 151, in download
    for chunk in r.iter_content(chunk_size=1024):
  File "/root/miniconda3/envs/graphmae/lib/python3.8/site-packages/requests/models.py", line 820, in generate
    yield from self.raw.stream(chunk_size, decode_content=True)
  File "/root/miniconda3/envs/graphmae/lib/python3.8/site-packages/urllib3/response.py", line 576, in stream
    data = self.read(amt=amt, decode_content=decode_content)
  File "/root/miniconda3/envs/graphmae/lib/python3.8/site-packages/urllib3/response.py", line 519, in read
    data = self._fp.read(amt) if not fp_closed else b""
  File "/root/miniconda3/envs/graphmae/lib/python3.8/http/client.py", line 455, in read
    n = self.readinto(b)
  File "/root/miniconda3/envs/graphmae/lib/python3.8/http/client.py", line 499, in readinto
    n = self.fp.readinto(b)
  File "/root/miniconda3/envs/graphmae/lib/python3.8/socket.py", line 669, in readinto
    return self._sock.recv_into(b)
KeyboardInterrupt
Command terminated by signal 2
real 34.77
user 16.58
sys 5.17
END node_reddit: Sat 20 Jun 2026 02:17:07 PM CST
STATUS 130
