++ date
+ echo 'START graph_IMDB_MULTI: Sat Jun 20 03:00:52 CST 2026'
START graph_IMDB_MULTI: Sat Jun 20 03:00:52 CST 2026
+ echo 'COMMAND: /home/xsj/miniconda3/envs/graphmae/bin/python main_graph.py --dataset IMDB-MULTI --device 0 --use_cfg --seeds 0 1 2 3 4'
COMMAND: /home/xsj/miniconda3/envs/graphmae/bin/python main_graph.py --dataset IMDB-MULTI --device 0 --use_cfg --seeds 0 1 2 3 4
+ /usr/bin/time -p /home/xsj/miniconda3/envs/graphmae/bin/python main_graph.py --dataset IMDB-MULTI --device 0 --use_cfg --seeds 0 1 2 3 4
2026-06-20 03:00:54,360 - INFO - Using best configs
------ Use best configs ------
Namespace(activation='prelu', alpha_l=1, attn_drop=0.1, batch_size=32, concat_hidden=False, dataset='IMDB-MULTI', decoder='gin', deg4feat=False, device=0, drop_edge_rate=0.0, encoder='gin', in_drop=0.2, linear_prob=True, load_model=False, logging=False, loss_fn='sce', lr=0.00015, lr_f=0.001, mask_rate=0.5, max_epoch=50, max_epoch_f=30, negative_slope=0.2, norm='batchnorm', num_heads=2, num_hidden=512, num_layers=3, num_out_heads=1, optimizer='adam', pooling='mean', replace_rate=0.0, residual=False, save_model=False, scheduler=False, seeds=[0, 1, 2, 3, 4], use_cfg=True, warmup_steps=-1, weight_decay=0.0, weight_decay_f=0.0)
Downloading /home/xsj/.dgl/IMDB-MULTI.zip from https://www.chrsmrrs.com/graphkerneldatasets/IMDB-MULTI.zip...
Extracting file to /home/xsj/.dgl/IMDB-MULTI
Using degree as node features
******** # Num Graphs: 1500, # Num Feat: 177, # Num Classes: 3 ********
####### Run 0 for seed 0
  0%|          | 0/50 [00:00<?, ?it/s]Epoch 0 | train_loss: 0.5784:   0%|          | 0/50 [00:02<?, ?it/s]Epoch 0 | train_loss: 0.5784:   2%|▏         | 1/50 [00:02<02:07,  2.61s/it]Epoch 1 | train_loss: 0.3693:   2%|▏         | 1/50 [00:03<02:07,  2.61s/it]Epoch 1 | train_loss: 0.3693:   4%|▍         | 2/50 [00:03<01:19,  1.66s/it]Epoch 1 | train_loss: 0.3693:   4%|▍         | 2/50 [00:03<01:30,  1.88s/it]
Traceback (most recent call last):
  File "main_graph.py", line 204, in <module>
    main(args)
  File "main_graph.py", line 180, in main
    model = pretrain(model, pooler, (train_loader, eval_loader), optimizer, max_epoch, device, scheduler, num_classes, lr_f, weight_decay_f, max_epoch_f, linear_prob,  logger)
  File "main_graph.py", line 84, in pretrain
    loss, loss_dict = model(batch_g, feat)
  File "/home/xsj/miniconda3/envs/graphmae/lib/python3.8/site-packages/torch/nn/modules/module.py", line 1194, in _call_impl
    return forward_call(*input, **kwargs)
  File "/home/xsj/GraphMAE/graphmae/models/edcoder.py", line 229, in forward
    loss = self.mask_attr_prediction(g, x)
  File "/home/xsj/GraphMAE/graphmae/models/edcoder.py", line 241, in mask_attr_prediction
    enc_rep, all_hidden = self.encoder(use_g, use_x, return_hidden=True)
  File "/home/xsj/miniconda3/envs/graphmae/lib/python3.8/site-packages/torch/nn/modules/module.py", line 1194, in _call_impl
    return forward_call(*input, **kwargs)
  File "/home/xsj/GraphMAE/graphmae/models/gin.py", line 75, in forward
    h = self.layers[l](g, h)
  File "/home/xsj/miniconda3/envs/graphmae/lib/python3.8/site-packages/torch/nn/modules/module.py", line 1194, in _call_impl
    return forward_call(*input, **kwargs)
  File "/home/xsj/GraphMAE/graphmae/models/gin.py", line 135, in forward
    rst = (1 + self.eps) * feat_dst + graph.dstdata['neigh']
KeyboardInterrupt
real 11.06
user 18.95
sys 5.82
+ status=130
++ date
+ echo 'END graph_IMDB_MULTI: Sat Jun 20 03:01:03 CST 2026'
END graph_IMDB_MULTI: Sat Jun 20 03:01:03 CST 2026
+ echo 'STATUS 130'
STATUS 130
