PageRank curriculum fast sweep started: Sat 20 Jun 2026 11:35:39 PM CST
Device: 0
Python: /root/miniconda3/envs/graphmae/bin/python
Ratios: 0.10 0.15 0.20
Steps: 5
Iters: 20
Damping: 0.85
Logs: /root/GraphMAE/logs/pagerank_curriculum_sweep_fast_20260620_233539

RUN ratio=0.10
LOG /root/GraphMAE/logs/pagerank_curriculum_sweep_fast_20260620_233539/ratio_0p10
STATUS ratio=0.10: 0
OK   node_citeseer_pagerank_curriculum  /root/GraphMAE/logs/pagerank_curriculum_sweep_fast_20260620_233539/ratio_0p10/node_citeseer_pagerank_curriculum.log
# final_acc: 0.7310±0.0049
# early-stopping_acc: 0.7270±0.0055
real 72.04
user 70.11
sys 4.41
OK   node_cora_pagerank_curriculum  /root/GraphMAE/logs/pagerank_curriculum_sweep_fast_20260620_233539/ratio_0p10/node_cora_pagerank_curriculum.log
# final_acc: 0.8412±0.0034
# early-stopping_acc: 0.8315±0.0128
real 302.34
user 297.14
sys 5.59
OK   node_pubmed_pagerank_curriculum  /root/GraphMAE/logs/pagerank_curriculum_sweep_fast_20260620_233539/ratio_0p10/node_pubmed_pagerank_curriculum.log
# final_acc: 0.8130±0.0057
# early-stopping_acc: 0.8053±0.0066
real 149.42
user 146.96
sys 4.93
OK   graph_MUTAG_pagerank_curriculum  /root/GraphMAE/logs/pagerank_curriculum_sweep_fast_20260620_233539/ratio_0p10/graph_MUTAG_pagerank_curriculum.log
#Test_f1: 0.8716±0.0778
#Test_f1: 0.8515±0.0382
#Test_f1: 0.8778±0.0744
#Test_f1: 0.8936±0.0527
#Test_f1: 0.8778±0.0576
#Test_f1: 0.8617±0.0483
# final_acc: 0.8723±0.0133
real 21.47
user 91.08
sys 3.68
OK   graph_IMDB_BINARY_pagerank_curriculum  /root/GraphMAE/logs/pagerank_curriculum_sweep_fast_20260620_233539/ratio_0p10/graph_IMDB_BINARY_pagerank_curriculum.log
#Test_f1: 0.7550±0.0254
#Test_f1: 0.7570±0.0283
#Test_f1: 0.7490±0.0321
#Test_f1: 0.7530±0.0205
#Test_f1: 0.7540±0.0364
#Test_f1: 0.7550±0.0297
# final_acc: 0.7538±0.0025
real 409.49
user 1948.33
sys 8.51
OK   graph_IMDB_MULTI_pagerank_curriculum  /root/GraphMAE/logs/pagerank_curriculum_sweep_fast_20260620_233539/ratio_0p10/graph_IMDB_MULTI_pagerank_curriculum.log
#Test_f1: 0.5113±0.0215
#Test_f1: 0.5287±0.0272
#Test_f1: 0.5207±0.0299
#Test_f1: 0.5113±0.0267
#Test_f1: 0.5140±0.0220
#Test_f1: 0.5147±0.0238
# final_acc: 0.5168±0.0062
real 879.87
user 3072.88
sys 8.39
OK   graph_PROTEINS_pagerank_curriculum  /root/GraphMAE/logs/pagerank_curriculum_sweep_fast_20260620_233539/ratio_0p10/graph_PROTEINS_pagerank_curriculum.log
#Test_f1: 0.7547±0.0523
#Test_f1: 0.7511±0.0508
#Test_f1: 0.7475±0.0479
#Test_f1: 0.7430±0.0428
#Test_f1: 0.7493±0.0464
#Test_f1: 0.7557±0.0408
# final_acc: 0.7502±0.0043
real 654.38
user 3923.98
sys 10.14

RUN ratio=0.15
LOG /root/GraphMAE/logs/pagerank_curriculum_sweep_fast_20260620_233539/ratio_0p15
STATUS ratio=0.15: 0
OK   node_citeseer_pagerank_curriculum  /root/GraphMAE/logs/pagerank_curriculum_sweep_fast_20260620_233539/ratio_0p15/node_citeseer_pagerank_curriculum.log
# final_acc: 0.7312±0.0048
# early-stopping_acc: 0.7322±0.0058
real 73.92
user 71.74
sys 4.61
OK   node_cora_pagerank_curriculum  /root/GraphMAE/logs/pagerank_curriculum_sweep_fast_20260620_233539/ratio_0p15/node_cora_pagerank_curriculum.log
# final_acc: 0.8425±0.0031
# early-stopping_acc: 0.8242±0.0100
real 300.18
user 295.12
sys 5.66
OK   node_pubmed_pagerank_curriculum  /root/GraphMAE/logs/pagerank_curriculum_sweep_fast_20260620_233539/ratio_0p15/node_pubmed_pagerank_curriculum.log
# final_acc: 0.8133±0.0045
# early-stopping_acc: 0.8037±0.0061
real 148.99
user 146.40
sys 4.68
OK   graph_MUTAG_pagerank_curriculum  /root/GraphMAE/logs/pagerank_curriculum_sweep_fast_20260620_233539/ratio_0p15/graph_MUTAG_pagerank_curriculum.log
#Test_f1: 0.8509±0.0471
#Test_f1: 0.8673±0.0584
#Test_f1: 0.8620±0.0851
#Test_f1: 0.8883±0.0597
#Test_f1: 0.8883±0.0642
#Test_f1: 0.8564±0.0667
# final_acc: 0.8689±0.0146
real 20.32
user 86.58
sys 3.58
OK   graph_IMDB_BINARY_pagerank_curriculum  /root/GraphMAE/logs/pagerank_curriculum_sweep_fast_20260620_233539/ratio_0p15/graph_IMDB_BINARY_pagerank_curriculum.log
#Test_f1: 0.7550±0.0250
#Test_f1: 0.7590±0.0301
#Test_f1: 0.7450±0.0287
#Test_f1: 0.7620±0.0279
#Test_f1: 0.7520±0.0223
#Test_f1: 0.7490±0.0301
# final_acc: 0.7537±0.0058
real 409.99
user 1913.21
sys 7.43
OK   graph_IMDB_MULTI_pagerank_curriculum  /root/GraphMAE/logs/pagerank_curriculum_sweep_fast_20260620_233539/ratio_0p15/graph_IMDB_MULTI_pagerank_curriculum.log
#Test_f1: 0.5200±0.0244
#Test_f1: 0.5173±0.0291
#Test_f1: 0.5187±0.0299
#Test_f1: 0.5133±0.0184
#Test_f1: 0.5167±0.0300
#Test_f1: 0.5220±0.0171
# final_acc: 0.5180±0.0027
real 847.26
user 3053.01
sys 8.65
OK   graph_PROTEINS_pagerank_curriculum  /root/GraphMAE/logs/pagerank_curriculum_sweep_fast_20260620_233539/ratio_0p15/graph_PROTEINS_pagerank_curriculum.log
#Test_f1: 0.7484±0.0415
#Test_f1: 0.7484±0.0527
#Test_f1: 0.7520±0.0520
#Test_f1: 0.7448±0.0613
#Test_f1: 0.7556±0.0481
#Test_f1: 0.7511±0.0444
# final_acc: 0.7500±0.0034
real 776.05
user 4211.17
sys 10.72

RUN ratio=0.20
LOG /root/GraphMAE/logs/pagerank_curriculum_sweep_fast_20260620_233539/ratio_0p20
STATUS ratio=0.20: 0
OK   node_citeseer_pagerank_curriculum  /root/GraphMAE/logs/pagerank_curriculum_sweep_fast_20260620_233539/ratio_0p20/node_citeseer_pagerank_curriculum.log
# final_acc: 0.7293±0.0012
# early-stopping_acc: 0.7315±0.0045
real 74.99
user 73.16
sys 4.69
OK   node_cora_pagerank_curriculum  /root/GraphMAE/logs/pagerank_curriculum_sweep_fast_20260620_233539/ratio_0p20/node_cora_pagerank_curriculum.log
# final_acc: 0.8445±0.0037
# early-stopping_acc: 0.8283±0.0117
real 293.15
user 288.56
sys 5.55
OK   node_pubmed_pagerank_curriculum  /root/GraphMAE/logs/pagerank_curriculum_sweep_fast_20260620_233539/ratio_0p20/node_pubmed_pagerank_curriculum.log
# final_acc: 0.8130±0.0042
# early-stopping_acc: 0.8073±0.0025
real 152.60
user 151.00
sys 4.33
OK   graph_MUTAG_pagerank_curriculum  /root/GraphMAE/logs/pagerank_curriculum_sweep_fast_20260620_233539/ratio_0p20/graph_MUTAG_pagerank_curriculum.log
#Test_f1: 0.8719±0.0602
#Test_f1: 0.8567±0.0401
#Test_f1: 0.8725±0.0671
#Test_f1: 0.8883±0.0496
#Test_f1: 0.8936±0.0527
#Test_f1: 0.8567±0.0777
# final_acc: 0.8733±0.0141
real 22.14
user 88.81
sys 3.05
OK   graph_IMDB_BINARY_pagerank_curriculum  /root/GraphMAE/logs/pagerank_curriculum_sweep_fast_20260620_233539/ratio_0p20/graph_IMDB_BINARY_pagerank_curriculum.log
#Test_f1: 0.7560±0.0284
#Test_f1: 0.7620±0.0293
#Test_f1: 0.7430±0.0257
#Test_f1: 0.7570±0.0241
#Test_f1: 0.7590±0.0311
#Test_f1: 0.7560±0.0269
# final_acc: 0.7555±0.0060
real 400.99
user 1845.70
sys 6.52
OK   graph_IMDB_MULTI_pagerank_curriculum  /root/GraphMAE/logs/pagerank_curriculum_sweep_fast_20260620_233539/ratio_0p20/graph_IMDB_MULTI_pagerank_curriculum.log
#Test_f1: 0.4987±0.0217
#Test_f1: 0.5147±0.0173
#Test_f1: 0.5193±0.0239
#Test_f1: 0.5160±0.0270
#Test_f1: 0.5127±0.0327
#Test_f1: 0.5220±0.0280
# final_acc: 0.5139±0.0075
real 915.59
user 3141.97
sys 8.55
OK   graph_PROTEINS_pagerank_curriculum  /root/GraphMAE/logs/pagerank_curriculum_sweep_fast_20260620_233539/ratio_0p20/graph_PROTEINS_pagerank_curriculum.log
#Test_f1: 0.7610±0.0460
#Test_f1: 0.7511±0.0531
#Test_f1: 0.7520±0.0599
#Test_f1: 0.7627±0.0424
#Test_f1: 0.7502±0.0570
#Test_f1: 0.7538±0.0474
# final_acc: 0.7551±0.0049
real 668.75
user 3801.33
sys 9.21

PageRank curriculum fast sweep finished: Sun 21 Jun 2026 01:42:13 AM CST
