PageRank preserve curriculum fast sweep started: Sun 21 Jun 2026 11:46:54 AM CST
Device: 0
Python: /root/miniconda3/envs/graphmae/bin/python
Ratios: 0.20
Powers: 0.5 1.0
Steps: 5
Iters: 20
Damping: 0.85
Logs: logs/preserve_sweep_r020_p05_p10

RUN ratio=0.20 power=0.5
LOG logs/preserve_sweep_r020_p05_p10/ratio_0p20_power_0p5
STATUS ratio=0.20 power=0.5: 0
OK   node_citeseer_pagerank_preserve_curriculum  logs/preserve_sweep_r020_p05_p10/ratio_0p20_power_0p5/node_citeseer_pagerank_preserve_curriculum.log
# final_acc: 0.7332±0.0021
# early-stopping_acc: 0.7323±0.0088
real 101.04
user 99.20
sys 4.48
OK   node_cora_pagerank_preserve_curriculum  logs/preserve_sweep_r020_p05_p10/ratio_0p20_power_0p5/node_cora_pagerank_preserve_curriculum.log
# final_acc: 0.8440±0.0034
# early-stopping_acc: 0.8285±0.0120
real 401.03
user 395.95
sys 5.30
OK   node_pubmed_pagerank_preserve_curriculum  logs/preserve_sweep_r020_p05_p10/ratio_0p20_power_0p5/node_pubmed_pagerank_preserve_curriculum.log
# final_acc: 0.8117±0.0090
# early-stopping_acc: 0.8047±0.0039
real 349.59
user 347.89
sys 4.07
OK   graph_MUTAG_pagerank_preserve_curriculum  logs/preserve_sweep_r020_p05_p10/ratio_0p20_power_0p5/graph_MUTAG_pagerank_preserve_curriculum.log
#Test_f1: 0.8453±0.0780
#Test_f1: 0.8620±0.0475
#Test_f1: 0.8778±0.0622
#Test_f1: 0.8936±0.0527
#Test_f1: 0.8883±0.0642
#Test_f1: 0.8623±0.0782
# final_acc: 0.8715±0.0167
real 28.20
user 98.08
sys 3.03
OK   graph_IMDB_BINARY_pagerank_preserve_curriculum  logs/preserve_sweep_r020_p05_p10/ratio_0p20_power_0p5/graph_IMDB_BINARY_pagerank_preserve_curriculum.log
#Test_f1: 0.7580±0.0244
#Test_f1: 0.7590±0.0281
#Test_f1: 0.7530±0.0253
#Test_f1: 0.7560±0.0262
#Test_f1: 0.7580±0.0303
#Test_f1: 0.7580±0.0293
# final_acc: 0.7570±0.0020
real 487.06
user 2063.94
sys 6.30
OK   graph_IMDB_MULTI_pagerank_preserve_curriculum  logs/preserve_sweep_r020_p05_p10/ratio_0p20_power_0p5/graph_IMDB_MULTI_pagerank_preserve_curriculum.log
#Test_f1: 0.5073±0.0232
#Test_f1: 0.5120±0.0325
#Test_f1: 0.5207±0.0297
#Test_f1: 0.5193±0.0326
#Test_f1: 0.5100±0.0244
#Test_f1: 0.5247±0.0281
# final_acc: 0.5157±0.0063
real 938.06
user 3125.01
sys 7.04
OK   graph_PROTEINS_pagerank_preserve_curriculum  logs/preserve_sweep_r020_p05_p10/ratio_0p20_power_0p5/graph_PROTEINS_pagerank_preserve_curriculum.log
#Test_f1: 0.7556±0.0494
#Test_f1: 0.7511±0.0607
#Test_f1: 0.7556±0.0516
#Test_f1: 0.7439±0.0497
#Test_f1: 0.7556±0.0609
#Test_f1: 0.7583±0.0498
# final_acc: 0.7533±0.0047
real 950.76
user 4457.48
sys 8.56

RUN ratio=0.20 power=1.0
LOG logs/preserve_sweep_r020_p05_p10/ratio_0p20_power_1p0
STATUS ratio=0.20 power=1.0: 0
OK   node_citeseer_pagerank_preserve_curriculum  logs/preserve_sweep_r020_p05_p10/ratio_0p20_power_1p0/node_citeseer_pagerank_preserve_curriculum.log
# final_acc: 0.7323±0.0043
# early-stopping_acc: 0.7320±0.0038
real 88.05
user 86.69
sys 3.90
OK   node_cora_pagerank_preserve_curriculum  logs/preserve_sweep_r020_p05_p10/ratio_0p20_power_1p0/node_cora_pagerank_preserve_curriculum.log
# final_acc: 0.8427±0.0040
# early-stopping_acc: 0.8298±0.0125
real 490.65
user 485.96
sys 5.20
OK   node_pubmed_pagerank_preserve_curriculum  logs/preserve_sweep_r020_p05_p10/ratio_0p20_power_1p0/node_pubmed_pagerank_preserve_curriculum.log
# final_acc: 0.8120±0.0085
# early-stopping_acc: 0.8033±0.0068
real 232.88
user 228.42
sys 3.96
OK   graph_MUTAG_pagerank_preserve_curriculum  logs/preserve_sweep_r020_p05_p10/ratio_0p20_power_1p0/graph_MUTAG_pagerank_preserve_curriculum.log
#Test_f1: 0.8719±0.0554
#Test_f1: 0.8725±0.0416
#Test_f1: 0.8830±0.0514
#Test_f1: 0.8936±0.0527
#Test_f1: 0.8830±0.0612
#Test_f1: 0.8351±0.0688
# final_acc: 0.8732±0.0185
real 22.50
user 89.31
sys 2.75
OK   graph_IMDB_BINARY_pagerank_preserve_curriculum  logs/preserve_sweep_r020_p05_p10/ratio_0p20_power_1p0/graph_IMDB_BINARY_pagerank_preserve_curriculum.log
#Test_f1: 0.7570±0.0272
#Test_f1: 0.7590±0.0217
#Test_f1: 0.7440±0.0201
#Test_f1: 0.7550±0.0250
#Test_f1: 0.7520±0.0299
#Test_f1: 0.7500±0.0279
# final_acc: 0.7528±0.0049
real 471.48
user 2003.60
sys 6.56
OK   graph_IMDB_MULTI_pagerank_preserve_curriculum  logs/preserve_sweep_r020_p05_p10/ratio_0p20_power_1p0/graph_IMDB_MULTI_pagerank_preserve_curriculum.log
#Test_f1: 0.5173±0.0229
#Test_f1: 0.5100±0.0334
#Test_f1: 0.5227±0.0239
#Test_f1: 0.5173±0.0235
#Test_f1: 0.5167±0.0262
#Test_f1: 0.5260±0.0256
# final_acc: 0.5183±0.0050
real 860.77
user 2968.42
sys 6.38
OK   graph_PROTEINS_pagerank_preserve_curriculum  logs/preserve_sweep_r020_p05_p10/ratio_0p20_power_1p0/graph_PROTEINS_pagerank_preserve_curriculum.log
#Test_f1: 0.7475±0.0434
#Test_f1: 0.7403±0.0450
#Test_f1: 0.7556±0.0459
#Test_f1: 0.7412±0.0430
#Test_f1: 0.7655±0.0407
#Test_f1: 0.7619±0.0486
# final_acc: 0.7520±0.0097
real 935.17
user 4191.10
sys 8.41

PageRank preserve curriculum fast sweep finished: Sun 21 Jun 2026 01:32:51 PM CST
