nohup: ignoring input
RUN ratio=0.15 power=0.5
LOG logs/preserve_sweep_r015_p05_p10/ratio_0p15_power_0p5
RUN  node_citeseer_pagerank_preserve_curriculum
CMD  /root/miniconda3/envs/graphmae/bin/python main_transductive.py --dataset citeseer --device 0 --use_cfg --mask_strategy pagerank_preserve_curriculum --pagerank_mask_ratio 0.15 --pagerank_mask_steps 5 --pagerank_iters 20 --pagerank_damping 0.85 --pagerank_preserve_power 0.5 --seeds 0 1 2 3 4 5
LOG  logs/preserve_sweep_r015_p05_p10/ratio_0p15_power_0p5/node_citeseer_pagerank_preserve_curriculum.log
RUN  node_cora_pagerank_preserve_curriculum
CMD  /root/miniconda3/envs/graphmae/bin/python main_transductive.py --dataset cora --device 0 --use_cfg --mask_strategy pagerank_preserve_curriculum --pagerank_mask_ratio 0.15 --pagerank_mask_steps 5 --pagerank_iters 20 --pagerank_damping 0.85 --pagerank_preserve_power 0.5 --seeds 0 1 2 3 4 5
LOG  logs/preserve_sweep_r015_p05_p10/ratio_0p15_power_0p5/node_cora_pagerank_preserve_curriculum.log
RUN  node_pubmed_pagerank_preserve_curriculum
CMD  /root/miniconda3/envs/graphmae/bin/python main_transductive.py --dataset pubmed --device 0 --use_cfg --mask_strategy pagerank_preserve_curriculum --pagerank_mask_ratio 0.15 --pagerank_mask_steps 5 --pagerank_iters 20 --pagerank_damping 0.85 --pagerank_preserve_power 0.5 --seeds 0 1 2
LOG  logs/preserve_sweep_r015_p05_p10/ratio_0p15_power_0p5/node_pubmed_pagerank_preserve_curriculum.log
RUN  graph_MUTAG_pagerank_preserve_curriculum
CMD  /root/miniconda3/envs/graphmae/bin/python main_graph.py --dataset MUTAG --device 0 --use_cfg --mask_strategy pagerank_preserve_curriculum --pagerank_mask_ratio 0.15 --pagerank_mask_steps 5 --pagerank_iters 20 --pagerank_damping 0.85 --pagerank_preserve_power 0.5 --seeds 0 1 2 3 4 5
LOG  logs/preserve_sweep_r015_p05_p10/ratio_0p15_power_0p5/graph_MUTAG_pagerank_preserve_curriculum.log
RUN  graph_IMDB_BINARY_pagerank_preserve_curriculum
CMD  /root/miniconda3/envs/graphmae/bin/python main_graph.py --dataset IMDB-BINARY --device 0 --use_cfg --mask_strategy pagerank_preserve_curriculum --pagerank_mask_ratio 0.15 --pagerank_mask_steps 5 --pagerank_iters 20 --pagerank_damping 0.85 --pagerank_preserve_power 0.5 --seeds 0 1 2 3 4 5
LOG  logs/preserve_sweep_r015_p05_p10/ratio_0p15_power_0p5/graph_IMDB_BINARY_pagerank_preserve_curriculum.log
RUN  graph_IMDB_MULTI_pagerank_preserve_curriculum
CMD  /root/miniconda3/envs/graphmae/bin/python main_graph.py --dataset IMDB-MULTI --device 0 --use_cfg --mask_strategy pagerank_preserve_curriculum --pagerank_mask_ratio 0.15 --pagerank_mask_steps 5 --pagerank_iters 20 --pagerank_damping 0.85 --pagerank_preserve_power 0.5 --seeds 0 1 2 3 4 5
LOG  logs/preserve_sweep_r015_p05_p10/ratio_0p15_power_0p5/graph_IMDB_MULTI_pagerank_preserve_curriculum.log
RUN  graph_PROTEINS_pagerank_preserve_curriculum
CMD  /root/miniconda3/envs/graphmae/bin/python main_graph.py --dataset PROTEINS --device 0 --use_cfg --mask_strategy pagerank_preserve_curriculum --pagerank_mask_ratio 0.15 --pagerank_mask_steps 5 --pagerank_iters 20 --pagerank_damping 0.85 --pagerank_preserve_power 0.5 --seeds 0 1 2 3 4 5
LOG  logs/preserve_sweep_r015_p05_p10/ratio_0p15_power_0p5/graph_PROTEINS_pagerank_preserve_curriculum.log
Summary: logs/preserve_sweep_r015_p05_p10/ratio_0p15_power_0p5/summary.log
RUN ratio=0.15 power=1.0
LOG logs/preserve_sweep_r015_p05_p10/ratio_0p15_power_1p0
RUN  node_citeseer_pagerank_preserve_curriculum
CMD  /root/miniconda3/envs/graphmae/bin/python main_transductive.py --dataset citeseer --device 0 --use_cfg --mask_strategy pagerank_preserve_curriculum --pagerank_mask_ratio 0.15 --pagerank_mask_steps 5 --pagerank_iters 20 --pagerank_damping 0.85 --pagerank_preserve_power 1.0 --seeds 0 1 2 3 4 5
LOG  logs/preserve_sweep_r015_p05_p10/ratio_0p15_power_1p0/node_citeseer_pagerank_preserve_curriculum.log
RUN  node_cora_pagerank_preserve_curriculum
CMD  /root/miniconda3/envs/graphmae/bin/python main_transductive.py --dataset cora --device 0 --use_cfg --mask_strategy pagerank_preserve_curriculum --pagerank_mask_ratio 0.15 --pagerank_mask_steps 5 --pagerank_iters 20 --pagerank_damping 0.85 --pagerank_preserve_power 1.0 --seeds 0 1 2 3 4 5
LOG  logs/preserve_sweep_r015_p05_p10/ratio_0p15_power_1p0/node_cora_pagerank_preserve_curriculum.log
RUN  node_pubmed_pagerank_preserve_curriculum
CMD  /root/miniconda3/envs/graphmae/bin/python main_transductive.py --dataset pubmed --device 0 --use_cfg --mask_strategy pagerank_preserve_curriculum --pagerank_mask_ratio 0.15 --pagerank_mask_steps 5 --pagerank_iters 20 --pagerank_damping 0.85 --pagerank_preserve_power 1.0 --seeds 0 1 2
LOG  logs/preserve_sweep_r015_p05_p10/ratio_0p15_power_1p0/node_pubmed_pagerank_preserve_curriculum.log
RUN  graph_MUTAG_pagerank_preserve_curriculum
CMD  /root/miniconda3/envs/graphmae/bin/python main_graph.py --dataset MUTAG --device 0 --use_cfg --mask_strategy pagerank_preserve_curriculum --pagerank_mask_ratio 0.15 --pagerank_mask_steps 5 --pagerank_iters 20 --pagerank_damping 0.85 --pagerank_preserve_power 1.0 --seeds 0 1 2 3 4 5
LOG  logs/preserve_sweep_r015_p05_p10/ratio_0p15_power_1p0/graph_MUTAG_pagerank_preserve_curriculum.log
RUN  graph_IMDB_BINARY_pagerank_preserve_curriculum
CMD  /root/miniconda3/envs/graphmae/bin/python main_graph.py --dataset IMDB-BINARY --device 0 --use_cfg --mask_strategy pagerank_preserve_curriculum --pagerank_mask_ratio 0.15 --pagerank_mask_steps 5 --pagerank_iters 20 --pagerank_damping 0.85 --pagerank_preserve_power 1.0 --seeds 0 1 2 3 4 5
LOG  logs/preserve_sweep_r015_p05_p10/ratio_0p15_power_1p0/graph_IMDB_BINARY_pagerank_preserve_curriculum.log
RUN  graph_IMDB_MULTI_pagerank_preserve_curriculum
CMD  /root/miniconda3/envs/graphmae/bin/python main_graph.py --dataset IMDB-MULTI --device 0 --use_cfg --mask_strategy pagerank_preserve_curriculum --pagerank_mask_ratio 0.15 --pagerank_mask_steps 5 --pagerank_iters 20 --pagerank_damping 0.85 --pagerank_preserve_power 1.0 --seeds 0 1 2 3 4 5
LOG  logs/preserve_sweep_r015_p05_p10/ratio_0p15_power_1p0/graph_IMDB_MULTI_pagerank_preserve_curriculum.log
RUN  graph_PROTEINS_pagerank_preserve_curriculum
CMD  /root/miniconda3/envs/graphmae/bin/python main_graph.py --dataset PROTEINS --device 0 --use_cfg --mask_strategy pagerank_preserve_curriculum --pagerank_mask_ratio 0.15 --pagerank_mask_steps 5 --pagerank_iters 20 --pagerank_damping 0.85 --pagerank_preserve_power 1.0 --seeds 0 1 2 3 4 5
LOG  logs/preserve_sweep_r015_p05_p10/ratio_0p15_power_1p0/graph_PROTEINS_pagerank_preserve_curriculum.log
Summary: logs/preserve_sweep_r015_p05_p10/ratio_0p15_power_1p0/summary.log
Summary: logs/preserve_sweep_r015_p05_p10/summary.log
