START graph_MUTAG_structmae: Sun 21 Jun 2026 01:57:12 AM CST
COMMAND: /root/miniconda3/envs/graphmae/bin/python main_graph.py --dataset MUTAG --device 0 --use_cfg --mask_strategy structmae --structmae_beta 0.25 --structmae_score pagerank --structmae_iters 20 --structmae_damping 0.85 --seeds 0 1 2 3 4 5
Traceback (most recent call last):
  File "main_graph.py", line 3, in <module>
    import numpy as np
  File "/root/miniconda3/envs/graphmae/lib/python3.8/site-packages/numpy/__init__.py", line 141, in <module>
    from . import core
  File "/root/miniconda3/envs/graphmae/lib/python3.8/site-packages/numpy/core/__init__.py", line 23, in <module>
    from . import multiarray
  File "/root/miniconda3/envs/graphmae/lib/python3.8/site-packages/numpy/core/multiarray.py", line 10, in <module>
    from . import overrides
  File "/root/miniconda3/envs/graphmae/lib/python3.8/site-packages/numpy/core/overrides.py", line 6, in <module>
    from numpy.core._multiarray_umath import (
KeyboardInterrupt
Command terminated by signal 2
real 0.13
user 0.13
sys 0.18
END graph_MUTAG_structmae: Sun 21 Jun 2026 01:57:12 AM CST
STATUS 130
